[0.006s] Invoking command in '/home/toto/rover_ws/build/mobile_robot': CMAKE_PREFIX_PATH=${CMAKE_PREFIX_PATH}:/opt/ros/humble /usr/bin/cmake /home/toto/rover_ws/src/mobile_robot -DCMAKE_INSTALL_PREFIX=/home/toto/rover_ws/install/mobile_robot
[0.043s] -- The C compiler identification is GNU 11.4.0
[0.081s] -- The CXX compiler identification is GNU 11.4.0
[0.086s] -- Detecting C compiler ABI info
[0.133s] -- Detecting C compiler ABI info - done
[0.139s] -- Check for working C compiler: /usr/bin/cc - skipped
[0.139s] -- Detecting C compile features
[0.139s] -- Detecting C compile features - done
[0.141s] -- Detecting CXX compiler ABI info
[0.205s] -- Detecting CXX compiler ABI info - done
[0.210s] -- Check for working CXX compiler: /usr/bin/c++ - skipped
[0.210s] -- Detecting CXX compile features
[0.211s] -- Detecting CXX compile features - done
[0.213s] -- Found ament_cmake: 1.3.11 (/opt/ros/humble/share/ament_cmake/cmake)
[0.321s] -- Found Python3: /usr/bin/python3 (found version "3.10.12") found components: Interpreter 
[0.384s] -- Found ament_lint_auto: 0.12.12 (/opt/ros/humble/share/ament_lint_auto/cmake)
[0.439s] -- Added test 'flake8' to check Python code syntax and style conventions
[0.439s] -- Added test 'lint_cmake' to check CMake code style
[0.439s] -- Added test 'pep257' to check Python code against some of the docstring style conventions in PEP 257
[0.440s] -- Added test 'xmllint' to check XML markup files
[0.441s] -- Configuring done
[0.442s] -- Generating done
[0.443s] -- Build files have been written to: /home/toto/rover_ws/build/mobile_robot
[0.447s] Invoked command in '/home/toto/rover_ws/build/mobile_robot' returned '0': CMAKE_PREFIX_PATH=${CMAKE_PREFIX_PATH}:/opt/ros/humble /usr/bin/cmake /home/toto/rover_ws/src/mobile_robot -DCMAKE_INSTALL_PREFIX=/home/toto/rover_ws/install/mobile_robot
[0.448s] Invoking command in '/home/toto/rover_ws/build/mobile_robot': CMAKE_PREFIX_PATH=${CMAKE_PREFIX_PATH}:/opt/ros/humble /usr/bin/cmake --build /home/toto/rover_ws/build/mobile_robot -- -j8 -l8
[0.477s] Invoked command in '/home/toto/rover_ws/build/mobile_robot' returned '0': CMAKE_PREFIX_PATH=${CMAKE_PREFIX_PATH}:/opt/ros/humble /usr/bin/cmake --build /home/toto/rover_ws/build/mobile_robot -- -j8 -l8
[0.485s] Invoking command in '/home/toto/rover_ws/build/mobile_robot': CMAKE_PREFIX_PATH=${CMAKE_PREFIX_PATH}:/opt/ros/humble /usr/bin/cmake --install /home/toto/rover_ws/build/mobile_robot
[0.491s] -- Install configuration: ""
[0.491s] -- Installing: /home/toto/rover_ws/install/mobile_robot/share/mobile_robot/launch
[0.491s] -- Installing: /home/toto/rover_ws/install/mobile_robot/share/mobile_robot/launch/gazebo_model.launch.py
[0.491s] -- Installing: /home/toto/rover_ws/install/mobile_robot/share/mobile_robot/launch/gazebo_mars_launch.py
[0.491s] -- Installing: /home/toto/rover_ws/install/mobile_robot/share/mobile_robot/model
[0.491s] -- Installing: /home/toto/rover_ws/install/mobile_robot/share/mobile_robot/model/robot.xacro
[0.491s] -- Installing: /home/toto/rover_ws/install/mobile_robot/share/mobile_robot/model/mars_yard.world
[0.491s] -- Installing: /home/toto/rover_ws/install/mobile_robot/share/mobile_robot/model/robot.gazebo
[0.491s] -- Installing: /home/toto/rover_ws/install/mobile_robot/share/mobile_robot/maps
[0.491s] -- Installing: /home/toto/rover_ws/install/mobile_robot/share/mobile_robot/maps/newMap.npy
[0.492s] -- Installing: /home/toto/rover_ws/install/mobile_robot/share/mobile_robot/maps/newMapPoints.npy
[0.492s] -- Installing: /home/toto/rover_ws/install/mobile_robot/share/mobile_robot/maps/newMapLayers.npy
[0.493s] -- Installing: /home/toto/rover_ws/install/mobile_robot/lib/mobile_robot/rover_controller.py
[0.493s] -- Installing: /home/toto/rover_ws/install/mobile_robot/lib/mobile_robot/astar_planner_node.py
[0.494s] -- Installing: /home/toto/rover_ws/install/mobile_robot/lib/mobile_robot/global_path.py
[0.494s] -- Installing: /home/toto/rover_ws/install/mobile_robot/lib/mobile_robot/map_processing.py
[0.494s] -- Installing: /home/toto/rover_ws/install/mobile_robot/share/ament_index/resource_index/package_run_dependencies/mobile_robot
[0.494s] -- Installing: /home/toto/rover_ws/install/mobile_robot/share/ament_index/resource_index/parent_prefix_path/mobile_robot
[0.494s] -- Installing: /home/toto/rover_ws/install/mobile_robot/share/mobile_robot/environment/ament_prefix_path.sh
[0.494s] -- Installing: /home/toto/rover_ws/install/mobile_robot/share/mobile_robot/environment/ament_prefix_path.dsv
[0.494s] -- Installing: /home/toto/rover_ws/install/mobile_robot/share/mobile_robot/environment/path.sh
[0.494s] -- Installing: /home/toto/rover_ws/install/mobile_robot/share/mobile_robot/environment/path.dsv
[0.494s] -- Installing: /home/toto/rover_ws/install/mobile_robot/share/mobile_robot/local_setup.bash
[0.494s] -- Installing: /home/toto/rover_ws/install/mobile_robot/share/mobile_robot/local_setup.sh
[0.494s] -- Installing: /home/toto/rover_ws/install/mobile_robot/share/mobile_robot/local_setup.zsh
[0.494s] -- Installing: /home/toto/rover_ws/install/mobile_robot/share/mobile_robot/local_setup.dsv
[0.494s] -- Installing: /home/toto/rover_ws/install/mobile_robot/share/mobile_robot/package.dsv
[0.495s] -- Installing: /home/toto/rover_ws/install/mobile_robot/share/ament_index/resource_index/packages/mobile_robot
[0.495s] -- Installing: /home/toto/rover_ws/install/mobile_robot/share/mobile_robot/cmake/mobile_robotConfig.cmake
[0.495s] -- Installing: /home/toto/rover_ws/install/mobile_robot/share/mobile_robot/cmake/mobile_robotConfig-version.cmake
[0.495s] -- Installing: /home/toto/rover_ws/install/mobile_robot/share/mobile_robot/package.xml
[0.496s] Invoked command in '/home/toto/rover_ws/build/mobile_robot' returned '0': CMAKE_PREFIX_PATH=${CMAKE_PREFIX_PATH}:/opt/ros/humble /usr/bin/cmake --install /home/toto/rover_ws/build/mobile_robot
