[0.010s] Invoking command in '/home/toto/rover_ws/build/mobile_robot': CMAKE_PREFIX_PATH=${CMAKE_PREFIX_PATH}:/opt/ros/humble /usr/bin/cmake --build /home/toto/rover_ws/build/mobile_robot -- -j8 -l8
[0.061s] -- Found ament_cmake: 1.3.11 (/opt/ros/humble/share/ament_cmake/cmake)
[0.220s] -- Found ament_lint_auto: 0.12.12 (/opt/ros/humble/share/ament_lint_auto/cmake)
[0.300s] -- Added test 'flake8' to check Python code syntax and style conventions
[0.300s] -- Added test 'lint_cmake' to check CMake code style
[0.301s] -- Added test 'pep257' to check Python code against some of the docstring style conventions in PEP 257
[0.302s] -- Added test 'xmllint' to check XML markup files
[0.303s] -- Configuring done
[0.308s] -- Generating done
[0.309s] -- Build files have been written to: /home/toto/rover_ws/build/mobile_robot
[0.338s] Invoked command in '/home/toto/rover_ws/build/mobile_robot' returned '0': CMAKE_PREFIX_PATH=${CMAKE_PREFIX_PATH}:/opt/ros/humble /usr/bin/cmake --build /home/toto/rover_ws/build/mobile_robot -- -j8 -l8
[0.351s] Invoking command in '/home/toto/rover_ws/build/mobile_robot': CMAKE_PREFIX_PATH=${CMAKE_PREFIX_PATH}:/opt/ros/humble /usr/bin/cmake --install /home/toto/rover_ws/build/mobile_robot
[0.360s] -- Install configuration: ""
[0.361s] -- Up-to-date: /home/toto/rover_ws/install/mobile_robot/share/mobile_robot/launch
[0.361s] -- Up-to-date: /home/toto/rover_ws/install/mobile_robot/share/mobile_robot/launch/gazebo_model.launch.py
[0.362s] -- Up-to-date: /home/toto/rover_ws/install/mobile_robot/share/mobile_robot/model
[0.362s] -- Up-to-date: /home/toto/rover_ws/install/mobile_robot/share/mobile_robot/model/empty_world.world
[0.362s] -- Up-to-date: /home/toto/rover_ws/install/mobile_robot/share/mobile_robot/model/robot.xacro
[0.362s] -- Up-to-date: /home/toto/rover_ws/install/mobile_robot/share/mobile_robot/model/robot.gazebo
[0.362s] -- Up-to-date: /home/toto/rover_ws/install/mobile_robot/lib/mobile_robot/move.py
[0.362s] -- Up-to-date: /home/toto/rover_ws/install/mobile_robot/share/ament_index/resource_index/package_run_dependencies/mobile_robot
[0.363s] -- Up-to-date: /home/toto/rover_ws/install/mobile_robot/share/ament_index/resource_index/parent_prefix_path/mobile_robot
[0.363s] -- Up-to-date: /home/toto/rover_ws/install/mobile_robot/share/mobile_robot/environment/ament_prefix_path.sh
[0.363s] -- Installing: /home/toto/rover_ws/install/mobile_robot/share/mobile_robot/environment/ament_prefix_path.dsv
[0.363s] -- Up-to-date: /home/toto/rover_ws/install/mobile_robot/share/mobile_robot/environment/path.sh
[0.363s] -- Installing: /home/toto/rover_ws/install/mobile_robot/share/mobile_robot/environment/path.dsv
[0.363s] -- Up-to-date: /home/toto/rover_ws/install/mobile_robot/share/mobile_robot/local_setup.bash
[0.363s] -- Up-to-date: /home/toto/rover_ws/install/mobile_robot/share/mobile_robot/local_setup.sh
[0.364s] -- Up-to-date: /home/toto/rover_ws/install/mobile_robot/share/mobile_robot/local_setup.zsh
[0.364s] -- Installing: /home/toto/rover_ws/install/mobile_robot/share/mobile_robot/local_setup.dsv
[0.364s] -- Installing: /home/toto/rover_ws/install/mobile_robot/share/mobile_robot/package.dsv
[0.365s] -- Up-to-date: /home/toto/rover_ws/install/mobile_robot/share/ament_index/resource_index/packages/mobile_robot
[0.365s] -- Up-to-date: /home/toto/rover_ws/install/mobile_robot/share/mobile_robot/cmake/mobile_robotConfig.cmake
[0.365s] -- Up-to-date: /home/toto/rover_ws/install/mobile_robot/share/mobile_robot/cmake/mobile_robotConfig-version.cmake
[0.365s] -- Up-to-date: /home/toto/rover_ws/install/mobile_robot/share/mobile_robot/package.xml
[0.367s] Invoked command in '/home/toto/rover_ws/build/mobile_robot' returned '0': CMAKE_PREFIX_PATH=${CMAKE_PREFIX_PATH}:/opt/ros/humble /usr/bin/cmake --install /home/toto/rover_ws/build/mobile_robot
