[0.008s] Invoking command in '/home/toto/rover_ws/build/mobile_robot': CMAKE_PREFIX_PATH=${CMAKE_PREFIX_PATH}:/opt/ros/humble /usr/bin/cmake --build /home/toto/rover_ws/build/mobile_robot -- -j8 -l8
[0.027s] -- Found ament_cmake: 1.3.11 (/opt/ros/humble/share/ament_cmake/cmake)
[0.127s] -- Found ament_lint_auto: 0.12.12 (/opt/ros/humble/share/ament_lint_auto/cmake)
[0.179s] -- Added test 'flake8' to check Python code syntax and style conventions
[0.180s] -- Added test 'lint_cmake' to check CMake code style
[0.180s] -- Added test 'pep257' to check Python code against some of the docstring style conventions in PEP 257
[0.181s] -- Added test 'xmllint' to check XML markup files
[0.182s] -- Configuring done
[0.185s] -- Generating done
[0.186s] -- Build files have been written to: /home/toto/rover_ws/build/mobile_robot
[0.207s] Invoked command in '/home/toto/rover_ws/build/mobile_robot' returned '0': CMAKE_PREFIX_PATH=${CMAKE_PREFIX_PATH}:/opt/ros/humble /usr/bin/cmake --build /home/toto/rover_ws/build/mobile_robot -- -j8 -l8
[0.218s] Invoking command in '/home/toto/rover_ws/build/mobile_robot': CMAKE_PREFIX_PATH=${CMAKE_PREFIX_PATH}:/opt/ros/humble /usr/bin/cmake --install /home/toto/rover_ws/build/mobile_robot
[0.224s] -- Install configuration: ""
[0.224s] -- Up-to-date: /home/toto/rover_ws/install/mobile_robot/share/mobile_robot/launch
[0.224s] -- Up-to-date: /home/toto/rover_ws/install/mobile_robot/share/mobile_robot/launch/gazebo_model.launch.py
[0.224s] -- Up-to-date: /home/toto/rover_ws/install/mobile_robot/share/mobile_robot/model
[0.224s] -- Up-to-date: /home/toto/rover_ws/install/mobile_robot/share/mobile_robot/model/empty_world.world
[0.224s] -- Up-to-date: /home/toto/rover_ws/install/mobile_robot/share/mobile_robot/model/robot.xacro
[0.224s] -- Up-to-date: /home/toto/rover_ws/install/mobile_robot/share/mobile_robot/model/robot.gazebo
[0.224s] -- Up-to-date: /home/toto/rover_ws/install/mobile_robot/lib/mobile_robot/move.py
[0.224s] -- Up-to-date: /home/toto/rover_ws/install/mobile_robot/share/ament_index/resource_index/package_run_dependencies/mobile_robot
[0.224s] -- Up-to-date: /home/toto/rover_ws/install/mobile_robot/share/ament_index/resource_index/parent_prefix_path/mobile_robot
[0.224s] -- Up-to-date: /home/toto/rover_ws/install/mobile_robot/share/mobile_robot/environment/ament_prefix_path.sh
[0.224s] -- Installing: /home/toto/rover_ws/install/mobile_robot/share/mobile_robot/environment/ament_prefix_path.dsv
[0.224s] -- Up-to-date: /home/toto/rover_ws/install/mobile_robot/share/mobile_robot/environment/path.sh
[0.224s] -- Installing: /home/toto/rover_ws/install/mobile_robot/share/mobile_robot/environment/path.dsv
[0.225s] -- Up-to-date: /home/toto/rover_ws/install/mobile_robot/share/mobile_robot/local_setup.bash
[0.225s] -- Up-to-date: /home/toto/rover_ws/install/mobile_robot/share/mobile_robot/local_setup.sh
[0.225s] -- Up-to-date: /home/toto/rover_ws/install/mobile_robot/share/mobile_robot/local_setup.zsh
[0.225s] -- Installing: /home/toto/rover_ws/install/mobile_robot/share/mobile_robot/local_setup.dsv
[0.225s] -- Installing: /home/toto/rover_ws/install/mobile_robot/share/mobile_robot/package.dsv
[0.225s] -- Up-to-date: /home/toto/rover_ws/install/mobile_robot/share/ament_index/resource_index/packages/mobile_robot
[0.225s] -- Up-to-date: /home/toto/rover_ws/install/mobile_robot/share/mobile_robot/cmake/mobile_robotConfig.cmake
[0.225s] -- Up-to-date: /home/toto/rover_ws/install/mobile_robot/share/mobile_robot/cmake/mobile_robotConfig-version.cmake
[0.225s] -- Up-to-date: /home/toto/rover_ws/install/mobile_robot/share/mobile_robot/package.xml
[0.226s] Invoked command in '/home/toto/rover_ws/build/mobile_robot' returned '0': CMAKE_PREFIX_PATH=${CMAKE_PREFIX_PATH}:/opt/ros/humble /usr/bin/cmake --install /home/toto/rover_ws/build/mobile_robot
