[0.006s] Invoking command in '/home/toto/rover_ws/build/mobile_robot': CMAKE_PREFIX_PATH=/opt/ros/humble /usr/bin/cmake /home/toto/rover_ws/src/mobile_robot -DCMAKE_INSTALL_PREFIX=/home/toto/rover_ws/install/mobile_robot
[0.052s] -- The C compiler identification is GNU 11.4.0
[0.091s] -- The CXX compiler identification is GNU 11.4.0
[0.096s] -- Detecting C compiler ABI info
[0.143s] -- Detecting C compiler ABI info - done
[0.148s] -- Check for working C compiler: /usr/bin/cc - skipped
[0.148s] -- Detecting C compile features
[0.149s] -- Detecting C compile features - done
[0.151s] -- Detecting CXX compiler ABI info
[0.211s] -- Detecting CXX compiler ABI info - done
[0.217s] -- Check for working CXX compiler: /usr/bin/c++ - skipped
[0.217s] -- Detecting CXX compile features
[0.217s] -- Detecting CXX compile features - done
[0.219s] -- Found ament_cmake: 1.3.11 (/opt/ros/humble/share/ament_cmake/cmake)
[0.326s] -- Found Python3: /usr/bin/python3 (found version "3.10.12") found components: Interpreter 
[0.387s] -- Found ament_lint_auto: 0.12.12 (/opt/ros/humble/share/ament_lint_auto/cmake)
[0.441s] -- Added test 'flake8' to check Python code syntax and style conventions
[0.442s] -- Added test 'lint_cmake' to check CMake code style
[0.442s] -- Added test 'pep257' to check Python code against some of the docstring style conventions in PEP 257
[0.442s] -- Added test 'xmllint' to check XML markup files
[0.443s] -- Configuring done
[0.445s] -- Generating done
[0.446s] -- Build files have been written to: /home/toto/rover_ws/build/mobile_robot
[0.449s] Invoked command in '/home/toto/rover_ws/build/mobile_robot' returned '0': CMAKE_PREFIX_PATH=/opt/ros/humble /usr/bin/cmake /home/toto/rover_ws/src/mobile_robot -DCMAKE_INSTALL_PREFIX=/home/toto/rover_ws/install/mobile_robot
[0.451s] Invoking command in '/home/toto/rover_ws/build/mobile_robot': CMAKE_PREFIX_PATH=/opt/ros/humble /usr/bin/cmake --build /home/toto/rover_ws/build/mobile_robot -- -j8 -l8
[0.467s] -- Found ament_cmake: 1.3.11 (/opt/ros/humble/share/ament_cmake/cmake)
[0.560s] -- Found ament_lint_auto: 0.12.12 (/opt/ros/humble/share/ament_lint_auto/cmake)
[0.610s] -- Added test 'flake8' to check Python code syntax and style conventions
[0.610s] -- Added test 'lint_cmake' to check CMake code style
[0.610s] -- Added test 'pep257' to check Python code against some of the docstring style conventions in PEP 257
[0.611s] -- Added test 'xmllint' to check XML markup files
[0.611s] -- Configuring done
[0.613s] -- Generating done
[0.614s] -- Build files have been written to: /home/toto/rover_ws/build/mobile_robot
[0.629s] Invoked command in '/home/toto/rover_ws/build/mobile_robot' returned '0': CMAKE_PREFIX_PATH=/opt/ros/humble /usr/bin/cmake --build /home/toto/rover_ws/build/mobile_robot -- -j8 -l8
[0.637s] Invoking command in '/home/toto/rover_ws/build/mobile_robot': CMAKE_PREFIX_PATH=/opt/ros/humble /usr/bin/cmake --install /home/toto/rover_ws/build/mobile_robot
[0.643s] -- Install configuration: ""
[0.643s] -- Installing: /home/toto/rover_ws/install/mobile_robot/share/mobile_robot/launch
[0.644s] -- Installing: /home/toto/rover_ws/install/mobile_robot/share/mobile_robot/launch/gazebo_model.launch.py
[0.644s] -- Installing: /home/toto/rover_ws/install/mobile_robot/share/mobile_robot/model
[0.644s] -- Installing: /home/toto/rover_ws/install/mobile_robot/share/mobile_robot/model/robot.xacro
[0.644s] -- Installing: /home/toto/rover_ws/install/mobile_robot/share/mobile_robot/model/robot.gazebo
[0.644s] -- Installing: /home/toto/rover_ws/install/mobile_robot/lib/mobile_robot/move.py
[0.644s] -- Installing: /home/toto/rover_ws/install/mobile_robot/share/ament_index/resource_index/package_run_dependencies/mobile_robot
[0.644s] -- Installing: /home/toto/rover_ws/install/mobile_robot/share/ament_index/resource_index/parent_prefix_path/mobile_robot
[0.644s] -- Installing: /home/toto/rover_ws/install/mobile_robot/share/mobile_robot/environment/ament_prefix_path.sh
[0.644s] -- Installing: /home/toto/rover_ws/install/mobile_robot/share/mobile_robot/environment/ament_prefix_path.dsv
[0.644s] -- Installing: /home/toto/rover_ws/install/mobile_robot/share/mobile_robot/environment/path.sh
[0.644s] -- Installing: /home/toto/rover_ws/install/mobile_robot/share/mobile_robot/environment/path.dsv
[0.644s] -- Installing: /home/toto/rover_ws/install/mobile_robot/share/mobile_robot/local_setup.bash
[0.645s] -- Installing: /home/toto/rover_ws/install/mobile_robot/share/mobile_robot/local_setup.sh
[0.645s] -- Installing: /home/toto/rover_ws/install/mobile_robot/share/mobile_robot/local_setup.zsh
[0.645s] -- Installing: /home/toto/rover_ws/install/mobile_robot/share/mobile_robot/local_setup.dsv
[0.645s] -- Installing: /home/toto/rover_ws/install/mobile_robot/share/mobile_robot/package.dsv
[0.645s] -- Installing: /home/toto/rover_ws/install/mobile_robot/share/ament_index/resource_index/packages/mobile_robot
[0.645s] -- Installing: /home/toto/rover_ws/install/mobile_robot/share/mobile_robot/cmake/mobile_robotConfig.cmake
[0.645s] -- Installing: /home/toto/rover_ws/install/mobile_robot/share/mobile_robot/cmake/mobile_robotConfig-version.cmake
[0.645s] -- Installing: /home/toto/rover_ws/install/mobile_robot/share/mobile_robot/package.xml
[0.647s] Invoked command in '/home/toto/rover_ws/build/mobile_robot' returned '0': CMAKE_PREFIX_PATH=/opt/ros/humble /usr/bin/cmake --install /home/toto/rover_ws/build/mobile_robot
